[     914ms] [ERROR] [Thu, 05 Mar 2026 05:22:46 GMT] [error] [ phoenix-privacy  SessionService ] Could not parse referrer  -- {"exception":{"message":"Failed to construct 'URL': Invalid URL"}} @ https://www.t-mobile.com/etc.clientlibs/digx/platform/clientlibs/clientlib-platform-main.ACSHASH872c0515a444e931b75c63c8cd1d9e8a.js:11
[     914ms] [ERROR] [Thu, 05 Mar 2026 05:22:46 GMT] [error] [ phoenix-privacy  SessionService ] Could not get hostname https://www.t-mobile.com/opt-out/email?moeq=QMA.RyBYgwbkMz76H6du5FePkgBvw6XAgQFQEHj7z4pZmS4TBShgeljgiA-3DO0wFXySSFJiDav4MeTL8D0oT6PptQ4BBcP7ThB_mkFk189yCe26sThEVod4o7fKmyKWThvhUKVcQ3l2xE.B7zUQLiAOT_dPYmQ3ksJ9oYRfNRb36ymBgTyN.J.BjB2bNZbbDFcnucLfvPEwBBkIeHG8CbzDq5h6l9uku6QHFpKVOL9iSKT69azS4X4QDeVuA-np.Ch6wFf0RP.bshpO4jTNW5.1R8MfPk6xIifgU7IP_bLR8w42psK6fANJp2BrQEDGkln0vaMw-S3WqOgOIK27__N1l2z0rwo3GaiHJ0iQ7goqP1TZcQaiBGfPBY.sZIw9mdbjTwOat7_t1-KbiiRFNf7MQWMAeRXgKdW_hGx7D89YWQkbyRt0UqViM72w-ONAm7XxsmSbGXJtUTZZ501ElEcVVkQ7lrICP.FWzGtJJGGum7crEEDiwzVg97ETLpbVS0litafVKsb4pP27dBucZcIQJu9r1IL0CsQQnaw @ https://www.t-mobile.com/etc.clientlibs/digx/platform/clientlibs/clientlib-platform-main.ACSHASH872c0515a444e931b75c63c8cd1d9e8a.js:11
[     914ms] [ERROR] [Thu, 05 Mar 2026 05:22:46 GMT] [error] [ phoenix-privacy  SessionService ] Could not parse referrer  -- {"exception":{"message":"Failed to construct 'URL': Invalid URL"}} @ https://www.t-mobile.com/etc.clientlibs/digx/platform/clientlibs/clientlib-platform-main.ACSHASH872c0515a444e931b75c63c8cd1d9e8a.js:11
[    1028ms] [WARNING] Alpine Expression Error: Unexpected token '??'

Expression: "dynamicText. ?? ''"

 JSHandle@node @ https://www.t-mobile.com/etc.clientlibs/digx/platform/clientlibs/vendor-clientlibs/alpinejs.ACSHASHbbafac094043842ffc64a7c5030535e8.js:25
[    1104ms] [ERROR] [Thu, 05 Mar 2026 05:22:46 GMT] [error] [ phoenix-platform  Phoenix Error Service ] Unhandled exception caught: Uncaught SyntaxError: Unexpected token '??' file: https://www.t-mobile.com/etc.clientlibs/digx/platform/clientlibs/vendor-clientlibs/alpinejs.ACSHASHbbafac094043842ffc64a7c5030535e8.js lineno: 26 colno: 5401 -- {"el":{"_x_attributeCleanups":{"x-text":[null]},"_x_marker":396,"_x_cleanups":[null],"_x_effects":{}},"expression":"dynamicText. ?? ''"} @ https://www.t-mobile.com/etc.clientlibs/digx/platform/clientlibs/clientlib-platform-main.ACSHASH872c0515a444e931b75c63c8cd1d9e8a.js:11
[    1104ms] SyntaxError: Unexpected token '??'
    at new AsyncFunction (<anonymous>)
    at i (https://www.t-mobile.com/etc.clientlibs/digx/platform/clientlibs/vendor-clientlibs/alpinejs.ACSHASHbbafac094043842ffc64a7c5030535e8.js:26:5401)
    at https://www.t-mobile.com/etc.clientlibs/digx/platform/clientlibs/vendor-clientlibs/alpinejs.ACSHASHbbafac094043842ffc64a7c5030535e8.js:26:5631
    at https://www.t-mobile.com/etc.clientlibs/digx/platform/clientlibs/vendor-clientlibs/alpinejs.ACSHASHbbafac094043842ffc64a7c5030535e8.js:26:5652
    at Le (https://www.t-mobile.com/etc.clientlibs/digx/platform/clientlibs/vendor-clientlibs/alpinejs.ACSHASHbbafac094043842ffc64a7c5030535e8.js:26:5957)
    at Te (https://www.t-mobile.com/etc.clientlibs/digx/platform/clientlibs/vendor-clientlibs/alpinejs.ACSHASHbbafac094043842ffc64a7c5030535e8.js:26:4915)
    at Function.<anonymous> (https://www.t-mobile.com/etc.clientlibs/digx/platform/clientlibs/vendor-clientlibs/alpinejs.ACSHASHbbafac094043842ffc64a7c5030535e8.js:26:37994)
    at n (https://www.t-mobile.com/etc.clientlibs/digx/platform/clientlibs/vendor-clientlibs/alpinejs.ACSHASHbbafac094043842ffc64a7c5030535e8.js:26:9449)
    at https://www.t-mobile.com/etc.clientlibs/digx/platform/clientlibs/vendor-clientlibs/alpinejs.ACSHASHbbafac094043842ffc64a7c5030535e8.js:26:9477
    at vt (https://www.t-mobile.com/etc.clientlibs/digx/platform/clientlibs/vendor-clientlibs/alpinejs.ACSHASHbbafac094043842ffc64a7c5030535e8.js:26:9481)
[    1466ms] [ERROR] [Thu, 05 Mar 2026 05:22:46 GMT] [error] [ phoenix-platform  Phoenix Error Service ] unhandled promise rejection caught: lpTag?.newPage is not a function -- {} @ https://www.t-mobile.com/etc.clientlibs/digx/platform/clientlibs/clientlib-platform-main.ACSHASH872c0515a444e931b75c63c8cd1d9e8a.js:11
[    1473ms] TypeError: lpTag?.newPage is not a function
    at Proxy.showLivePersonButton (https://www.t-mobile.com/etc.clientlibs/digx/experience/components/content/aiChat/v1/aiChat/clientlib.ACSHASH439fdf3c7f04b3827099be17855cf2be.js:12:62954)
    at Proxy.bindHandleLivePersonOnLoad (https://www.t-mobile.com/etc.clientlibs/digx/experience/components/content/aiChat/v1/aiChat/clientlib.ACSHASH439fdf3c7f04b3827099be17855cf2be.js:12:64283)
    at b.measureCallback (https://www.t-mobile.com/etc.clientlibs/digx/platform/clientlibs/clientlib-platform-main.ACSHASH872c0515a444e931b75c63c8cd1d9e8a.js:12:12731)
    at https://www.t-mobile.com/etc.clientlibs/digx/platform/clientlibs/clientlib-platform-main.ACSHASH872c0515a444e931b75c63c8cd1d9e8a.js:12:11959
[    1671ms] [WARNING] The database "moe_database" can't be downgraded from version 4 to version 3. @ https://cdn.moengage.com/release/dc_101/versions/2/moe_webSdk.min.latest.js:1
[    5444ms] [WARNING] [Meta Pixel] - Unable to parse JSON-LD tag. Malformed JSON found: '
    
  '. @ https://connect.facebook.net/en_US/fbevents.js:175
[    5518ms] [WARNING] [Meta Pixel] - Duplicate Pixel ID: 1634503019919677. @ https://connect.facebook.net/en_US/fbevents.js:175
[    5699ms] [WARNING] [Meta Pixel] - Duplicate Pixel ID: 175747808742849. @ https://connect.facebook.net/en_US/fbevents.js:175
[    5705ms] [WARNING] [Meta Pixel] - Duplicate Pixel ID: 154741125379594. @ https://connect.facebook.net/en_US/fbevents.js:175
[    5710ms] [WARNING] [Meta Pixel] - Duplicate Pixel ID: 2663351150622612. @ https://connect.facebook.net/en_US/fbevents.js:175
[    5739ms] [ERROR] Attestation check for Attribution Reporting on https://www.facebook.com failed. @ https://www.t-mobile.com/opt-out/email?moeq=QMA.RyBYgwbkMz76H6du5FePkgBvw6XAgQFQEHj7z4pZmS4TBShgeljgiA-3DO0wFXySSFJiDav4MeTL8D0oT6PptQ4BBcP7ThB_mkFk189yCe26sThEVod4o7fKmyKWThvhUKVcQ3l2xE.B7zUQLiAOT_dPYmQ3ksJ9oYRfNRb36ymBgTyN.J.BjB2bNZbbDFcnucLfvPEwBBkIeHG8CbzDq5h6l9uku6QHFpKVOL9iSKT69azS4X4QDeVuA-np.Ch6wFf0RP.bshpO4jTNW5.1R8MfPk6xIifgU7IP_bLR8w42psK6fANJp2BrQEDGkln0vaMw-S3WqOgOIK27__N1l2z0rwo3GaiHJ0iQ7goqP1TZcQaiBGfPBY.sZIw9mdbjTwOat7_t1-KbiiRFNf7MQWMAeRXgKdW_hGx7D89YWQkbyRt0UqViM72w-ONAm7XxsmSbGXJtUTZZ501ElEcVVkQ7lrICP.FWzGtJJGGum7crEEDiwzVg97ETLpbVS0litafVKsb4pP27dBucZcIQJu9r1IL0CsQQnaw:0
[    5785ms] [ERROR] Attestation check for Attribution Reporting on https://www.facebook.com failed. @ https://www.t-mobile.com/opt-out/email?moeq=QMA.RyBYgwbkMz76H6du5FePkgBvw6XAgQFQEHj7z4pZmS4TBShgeljgiA-3DO0wFXySSFJiDav4MeTL8D0oT6PptQ4BBcP7ThB_mkFk189yCe26sThEVod4o7fKmyKWThvhUKVcQ3l2xE.B7zUQLiAOT_dPYmQ3ksJ9oYRfNRb36ymBgTyN.J.BjB2bNZbbDFcnucLfvPEwBBkIeHG8CbzDq5h6l9uku6QHFpKVOL9iSKT69azS4X4QDeVuA-np.Ch6wFf0RP.bshpO4jTNW5.1R8MfPk6xIifgU7IP_bLR8w42psK6fANJp2BrQEDGkln0vaMw-S3WqOgOIK27__N1l2z0rwo3GaiHJ0iQ7goqP1TZcQaiBGfPBY.sZIw9mdbjTwOat7_t1-KbiiRFNf7MQWMAeRXgKdW_hGx7D89YWQkbyRt0UqViM72w-ONAm7XxsmSbGXJtUTZZ501ElEcVVkQ7lrICP.FWzGtJJGGum7crEEDiwzVg97ETLpbVS0litafVKsb4pP27dBucZcIQJu9r1IL0CsQQnaw:0
[    5786ms] [ERROR] Attestation check for Attribution Reporting on https://www.facebook.com failed. @ https://www.t-mobile.com/opt-out/email?moeq=QMA.RyBYgwbkMz76H6du5FePkgBvw6XAgQFQEHj7z4pZmS4TBShgeljgiA-3DO0wFXySSFJiDav4MeTL8D0oT6PptQ4BBcP7ThB_mkFk189yCe26sThEVod4o7fKmyKWThvhUKVcQ3l2xE.B7zUQLiAOT_dPYmQ3ksJ9oYRfNRb36ymBgTyN.J.BjB2bNZbbDFcnucLfvPEwBBkIeHG8CbzDq5h6l9uku6QHFpKVOL9iSKT69azS4X4QDeVuA-np.Ch6wFf0RP.bshpO4jTNW5.1R8MfPk6xIifgU7IP_bLR8w42psK6fANJp2BrQEDGkln0vaMw-S3WqOgOIK27__N1l2z0rwo3GaiHJ0iQ7goqP1TZcQaiBGfPBY.sZIw9mdbjTwOat7_t1-KbiiRFNf7MQWMAeRXgKdW_hGx7D89YWQkbyRt0UqViM72w-ONAm7XxsmSbGXJtUTZZ501ElEcVVkQ7lrICP.FWzGtJJGGum7crEEDiwzVg97ETLpbVS0litafVKsb4pP27dBucZcIQJu9r1IL0CsQQnaw:0
[    5809ms] [ERROR] Attestation check for Attribution Reporting on https://www.facebook.com failed. @ https://www.t-mobile.com/opt-out/email?moeq=QMA.RyBYgwbkMz76H6du5FePkgBvw6XAgQFQEHj7z4pZmS4TBShgeljgiA-3DO0wFXySSFJiDav4MeTL8D0oT6PptQ4BBcP7ThB_mkFk189yCe26sThEVod4o7fKmyKWThvhUKVcQ3l2xE.B7zUQLiAOT_dPYmQ3ksJ9oYRfNRb36ymBgTyN.J.BjB2bNZbbDFcnucLfvPEwBBkIeHG8CbzDq5h6l9uku6QHFpKVOL9iSKT69azS4X4QDeVuA-np.Ch6wFf0RP.bshpO4jTNW5.1R8MfPk6xIifgU7IP_bLR8w42psK6fANJp2BrQEDGkln0vaMw-S3WqOgOIK27__N1l2z0rwo3GaiHJ0iQ7goqP1TZcQaiBGfPBY.sZIw9mdbjTwOat7_t1-KbiiRFNf7MQWMAeRXgKdW_hGx7D89YWQkbyRt0UqViM72w-ONAm7XxsmSbGXJtUTZZ501ElEcVVkQ7lrICP.FWzGtJJGGum7crEEDiwzVg97ETLpbVS0litafVKsb4pP27dBucZcIQJu9r1IL0CsQQnaw:0
[    5810ms] [ERROR] Attestation check for Attribution Reporting on https://www.facebook.com failed. @ https://www.t-mobile.com/opt-out/email?moeq=QMA.RyBYgwbkMz76H6du5FePkgBvw6XAgQFQEHj7z4pZmS4TBShgeljgiA-3DO0wFXySSFJiDav4MeTL8D0oT6PptQ4BBcP7ThB_mkFk189yCe26sThEVod4o7fKmyKWThvhUKVcQ3l2xE.B7zUQLiAOT_dPYmQ3ksJ9oYRfNRb36ymBgTyN.J.BjB2bNZbbDFcnucLfvPEwBBkIeHG8CbzDq5h6l9uku6QHFpKVOL9iSKT69azS4X4QDeVuA-np.Ch6wFf0RP.bshpO4jTNW5.1R8MfPk6xIifgU7IP_bLR8w42psK6fANJp2BrQEDGkln0vaMw-S3WqOgOIK27__N1l2z0rwo3GaiHJ0iQ7goqP1TZcQaiBGfPBY.sZIw9mdbjTwOat7_t1-KbiiRFNf7MQWMAeRXgKdW_hGx7D89YWQkbyRt0UqViM72w-ONAm7XxsmSbGXJtUTZZ501ElEcVVkQ7lrICP.FWzGtJJGGum7crEEDiwzVg97ETLpbVS0litafVKsb4pP27dBucZcIQJu9r1IL0CsQQnaw:0
[    5810ms] [ERROR] Attestation check for Attribution Reporting on https://www.facebook.com failed. @ https://www.t-mobile.com/opt-out/email?moeq=QMA.RyBYgwbkMz76H6du5FePkgBvw6XAgQFQEHj7z4pZmS4TBShgeljgiA-3DO0wFXySSFJiDav4MeTL8D0oT6PptQ4BBcP7ThB_mkFk189yCe26sThEVod4o7fKmyKWThvhUKVcQ3l2xE.B7zUQLiAOT_dPYmQ3ksJ9oYRfNRb36ymBgTyN.J.BjB2bNZbbDFcnucLfvPEwBBkIeHG8CbzDq5h6l9uku6QHFpKVOL9iSKT69azS4X4QDeVuA-np.Ch6wFf0RP.bshpO4jTNW5.1R8MfPk6xIifgU7IP_bLR8w42psK6fANJp2BrQEDGkln0vaMw-S3WqOgOIK27__N1l2z0rwo3GaiHJ0iQ7goqP1TZcQaiBGfPBY.sZIw9mdbjTwOat7_t1-KbiiRFNf7MQWMAeRXgKdW_hGx7D89YWQkbyRt0UqViM72w-ONAm7XxsmSbGXJtUTZZ501ElEcVVkQ7lrICP.FWzGtJJGGum7crEEDiwzVg97ETLpbVS0litafVKsb4pP27dBucZcIQJu9r1IL0CsQQnaw:0
[    5929ms] [ERROR] Attestation check for Attribution Reporting on https://www.facebook.com failed. @ https://www.t-mobile.com/opt-out/email?moeq=QMA.RyBYgwbkMz76H6du5FePkgBvw6XAgQFQEHj7z4pZmS4TBShgeljgiA-3DO0wFXySSFJiDav4MeTL8D0oT6PptQ4BBcP7ThB_mkFk189yCe26sThEVod4o7fKmyKWThvhUKVcQ3l2xE.B7zUQLiAOT_dPYmQ3ksJ9oYRfNRb36ymBgTyN.J.BjB2bNZbbDFcnucLfvPEwBBkIeHG8CbzDq5h6l9uku6QHFpKVOL9iSKT69azS4X4QDeVuA-np.Ch6wFf0RP.bshpO4jTNW5.1R8MfPk6xIifgU7IP_bLR8w42psK6fANJp2BrQEDGkln0vaMw-S3WqOgOIK27__N1l2z0rwo3GaiHJ0iQ7goqP1TZcQaiBGfPBY.sZIw9mdbjTwOat7_t1-KbiiRFNf7MQWMAeRXgKdW_hGx7D89YWQkbyRt0UqViM72w-ONAm7XxsmSbGXJtUTZZ501ElEcVVkQ7lrICP.FWzGtJJGGum7crEEDiwzVg97ETLpbVS0litafVKsb4pP27dBucZcIQJu9r1IL0CsQQnaw:0
[   11066ms] [ERROR] Attestation check for Attribution Reporting on https://www.facebook.com failed. @ https://www.t-mobile.com/opt-out/email?moeq=QMA.RyBYgwbkMz76H6du5FePkgBvw6XAgQFQEHj7z4pZmS4TBShgeljgiA-3DO0wFXySSFJiDav4MeTL8D0oT6PptQ4BBcP7ThB_mkFk189yCe26sThEVod4o7fKmyKWThvhUKVcQ3l2xE.B7zUQLiAOT_dPYmQ3ksJ9oYRfNRb36ymBgTyN.J.BjB2bNZbbDFcnucLfvPEwBBkIeHG8CbzDq5h6l9uku6QHFpKVOL9iSKT69azS4X4QDeVuA-np.Ch6wFf0RP.bshpO4jTNW5.1R8MfPk6xIifgU7IP_bLR8w42psK6fANJp2BrQEDGkln0vaMw-S3WqOgOIK27__N1l2z0rwo3GaiHJ0iQ7goqP1TZcQaiBGfPBY.sZIw9mdbjTwOat7_t1-KbiiRFNf7MQWMAeRXgKdW_hGx7D89YWQkbyRt0UqViM72w-ONAm7XxsmSbGXJtUTZZ501ElEcVVkQ7lrICP.FWzGtJJGGum7crEEDiwzVg97ETLpbVS0litafVKsb4pP27dBucZcIQJu9r1IL0CsQQnaw:0
[   11076ms] [ERROR] Attestation check for Attribution Reporting on https://www.facebook.com failed. @ https://www.t-mobile.com/opt-out/email?moeq=QMA.RyBYgwbkMz76H6du5FePkgBvw6XAgQFQEHj7z4pZmS4TBShgeljgiA-3DO0wFXySSFJiDav4MeTL8D0oT6PptQ4BBcP7ThB_mkFk189yCe26sThEVod4o7fKmyKWThvhUKVcQ3l2xE.B7zUQLiAOT_dPYmQ3ksJ9oYRfNRb36ymBgTyN.J.BjB2bNZbbDFcnucLfvPEwBBkIeHG8CbzDq5h6l9uku6QHFpKVOL9iSKT69azS4X4QDeVuA-np.Ch6wFf0RP.bshpO4jTNW5.1R8MfPk6xIifgU7IP_bLR8w42psK6fANJp2BrQEDGkln0vaMw-S3WqOgOIK27__N1l2z0rwo3GaiHJ0iQ7goqP1TZcQaiBGfPBY.sZIw9mdbjTwOat7_t1-KbiiRFNf7MQWMAeRXgKdW_hGx7D89YWQkbyRt0UqViM72w-ONAm7XxsmSbGXJtUTZZ501ElEcVVkQ7lrICP.FWzGtJJGGum7crEEDiwzVg97ETLpbVS0litafVKsb4pP27dBucZcIQJu9r1IL0CsQQnaw:0
[   11132ms] [ERROR] Failed to load resource: net::ERR_NAME_NOT_RESOLVED @ https://pixelg.adswizz.com/one.png?client=TMobileNtl&eventId=&action=cs&event=Homepage&j=0:0
[   36077ms] [ERROR] Attestation check for Attribution Reporting on https://www.facebook.com failed. @ https://www.t-mobile.com/opt-out/email?moeq=QMA.RyBYgwbkMz76H6du5FePkgBvw6XAgQFQEHj7z4pZmS4TBShgeljgiA-3DO0wFXySSFJiDav4MeTL8D0oT6PptQ4BBcP7ThB_mkFk189yCe26sThEVod4o7fKmyKWThvhUKVcQ3l2xE.B7zUQLiAOT_dPYmQ3ksJ9oYRfNRb36ymBgTyN.J.BjB2bNZbbDFcnucLfvPEwBBkIeHG8CbzDq5h6l9uku6QHFpKVOL9iSKT69azS4X4QDeVuA-np.Ch6wFf0RP.bshpO4jTNW5.1R8MfPk6xIifgU7IP_bLR8w42psK6fANJp2BrQEDGkln0vaMw-S3WqOgOIK27__N1l2z0rwo3GaiHJ0iQ7goqP1TZcQaiBGfPBY.sZIw9mdbjTwOat7_t1-KbiiRFNf7MQWMAeRXgKdW_hGx7D89YWQkbyRt0UqViM72w-ONAm7XxsmSbGXJtUTZZ501ElEcVVkQ7lrICP.FWzGtJJGGum7crEEDiwzVg97ETLpbVS0litafVKsb4pP27dBucZcIQJu9r1IL0CsQQnaw:0
[   37468ms] TypeError: Cannot read properties of undefined (reading 'length')
    at https://www.t-mobile.com/etc.clientlibs/digx/privacy/clientlibs/service-clientlibs/session.ACSHASHe2a14c96b177a36837c1a631777cb39b.js:12:3640
    at Proxy.handleUpdateConsentsServiceSuccess (https://www.t-mobile.com/etc.clientlibs/digx/privacy/clientlibs/clientlib-privacy-main.ACSHASH62145a30fb4a2c7568f917702f23f191.js:12:65254)
    at b.measureCallback (https://www.t-mobile.com/etc.clientlibs/digx/platform/clientlibs/clientlib-platform-main.ACSHASH872c0515a444e931b75c63c8cd1d9e8a.js:12:12731)
    at https://www.t-mobile.com/etc.clientlibs/digx/platform/clientlibs/clientlib-platform-main.ACSHASH872c0515a444e931b75c63c8cd1d9e8a.js:12:11959
[   37481ms] [ERROR] [Thu, 05 Mar 2026 05:23:22 GMT] [error] [ phoenix-platform  Phoenix Error Service ] Unhandled exception caught: Uncaught TypeError: Cannot read properties of undefined (reading 'length') file: https://www.t-mobile.com/etc.clientlibs/digx/privacy/clientlibs/service-clientlibs/session.ACSHASHe2a14c96b177a36837c1a631777cb39b.js lineno: 12 colno: 3640 -- {} @ https://cdn.signalfx.com/o11y-gdi-rum/v1.2.0/splunk-otel-web.js:0
[   38341ms] [ERROR] [Thu, 05 Mar 2026 05:23:23 GMT] [error] [ phoenix-platform  Phoenix Error Service ] unhandled promise rejection caught: lpTag?.newPage is not a function -- {} @ https://www.t-mobile.com/etc.clientlibs/digx/platform/clientlibs/clientlib-platform-main.ACSHASH872c0515a444e931b75c63c8cd1d9e8a.js:11
[   38357ms] TypeError: lpTag?.newPage is not a function
    at Proxy.showLivePersonButton (https://www.t-mobile.com/etc.clientlibs/digx/experience/components/content/aiChat/v1/aiChat/clientlib.ACSHASH439fdf3c7f04b3827099be17855cf2be.js:12:62954)
    at Proxy.bindHandleLivePersonOnLoad (https://www.t-mobile.com/etc.clientlibs/digx/experience/components/content/aiChat/v1/aiChat/clientlib.ACSHASH439fdf3c7f04b3827099be17855cf2be.js:12:64283)
    at b.measureCallback (https://www.t-mobile.com/etc.clientlibs/digx/platform/clientlibs/clientlib-platform-main.ACSHASH872c0515a444e931b75c63c8cd1d9e8a.js:12:12731)
    at https://www.t-mobile.com/etc.clientlibs/digx/platform/clientlibs/clientlib-platform-main.ACSHASH872c0515a444e931b75c63c8cd1d9e8a.js:12:11959
[   42258ms] [WARNING] [Meta Pixel] - Unable to parse JSON-LD tag. Malformed JSON found: '
    
  '. @ https://connect.facebook.net/en_US/fbevents.js:175
[   42431ms] [WARNING] [Meta Pixel] - Duplicate Pixel ID: 1634503019919677. @ https://connect.facebook.net/en_US/fbevents.js:175
[   42448ms] [ERROR] Attestation check for Attribution Reporting on https://www.facebook.com failed. @ https://www.t-mobile.com/privacy-center/marketing-preferences/unsubscribe-email/success:0
[   42525ms] [WARNING] [Meta Pixel] - Duplicate Pixel ID: 175747808742849. @ https://connect.facebook.net/en_US/fbevents.js:175
[   42529ms] [WARNING] [Meta Pixel] - Duplicate Pixel ID: 154741125379594. @ https://connect.facebook.net/en_US/fbevents.js:175
[   42534ms] [WARNING] [Meta Pixel] - Duplicate Pixel ID: 2663351150622612. @ https://connect.facebook.net/en_US/fbevents.js:175
[   42553ms] [ERROR] Attestation check for Attribution Reporting on https://www.facebook.com failed. @ https://www.t-mobile.com/privacy-center/marketing-preferences/unsubscribe-email/success:0
[   42562ms] [ERROR] Attestation check for Attribution Reporting on https://www.facebook.com failed. @ https://www.t-mobile.com/privacy-center/marketing-preferences/unsubscribe-email/success:0
[   42624ms] [ERROR] Attestation check for Attribution Reporting on https://www.facebook.com failed. @ https://www.t-mobile.com/privacy-center/marketing-preferences/unsubscribe-email/success:0
[   42646ms] [ERROR] Attestation check for Attribution Reporting on https://www.facebook.com failed. @ https://www.t-mobile.com/privacy-center/marketing-preferences/unsubscribe-email/success:0
[   42658ms] [ERROR] Attestation check for Attribution Reporting on https://www.facebook.com failed. @ https://www.t-mobile.com/privacy-center/marketing-preferences/unsubscribe-email/success:0
[   42714ms] [ERROR] Attestation check for Attribution Reporting on https://www.facebook.com failed. @ https://www.t-mobile.com/privacy-center/marketing-preferences/unsubscribe-email/success:0
